全 486 通り
--- 型別: 取引100以上の PF 中央値 / 前後とも PF>1 の割合 / 5期間すべてプラスの数
brk 132 通り PF中央値 1.3 前後PF>1 60 % 5期間プラス 15
recross 144 通り PF中央値 1.09 前後PF>1 43 % 5期間プラス 6
rev 144 通り PF中央値 1.18 前後PF>1 76 % 5期間プラス 27
--- 取引300以上・勝率70%以上・前後PF>1・5期間すべてプラス: 47 通り。上位20
         typ   n    k    flt                cfg     N        win        pf          pnl          dd       worst       epd     pf_is    pf_oos  pos5                        seg
182  recross   2  2.0   none      ピラ2,tp0.3,損切5   453  93.377483  2.526039  2016.148401  268.954845 -111.949580  0.810376  2.919436  2.050249     5   [73, 520, 794, 527, 101]
473      brk  14  2.5   none    ピラ無し,tp0.75,損切4   518  85.521236  1.710019  2073.047222  369.414638 -168.440690  0.928444  1.375441  2.147800     5   [190, 78, 359, 773, 673]
334      brk   2  1.5   h1h4      ピラ2,tp0.5,損切8   625  93.440000  1.703939  2756.737890  884.170731 -382.890349  1.119857  2.112179  1.442892     5  [472, 500, 762, 661, 362]
410      brk   9  2.0  h4adx      ピラ2,tp0.3,損切5   442  93.212670  1.671239  1424.570387  924.915536 -163.855239  0.790698  1.726686  1.646943     5   [194, 224, 52, 625, 330]
140      rev  14  2.0  h4adx      ピラ2,tp0.3,損切5   896  94.196429  1.636085  1850.057471  392.332151 -257.833847  1.602862  1.867209  1.404722     5   [253, 985, 24, 363, 226]
446      brk  14  1.5  h4adx      ピラ2,tp0.3,損切5   787  92.121982  1.633233  2261.178251  598.421971 -207.921738  1.407871  1.154728  2.214231     5  [46, 142, 115, 1394, 565]
409      brk   9  2.0  h4adx    ピラ無し(tp0.5,損切5)   413  92.009685  1.599301  1063.948985  446.907867 -127.867715  0.738819  1.361049  1.783989     5    [70, 137, 73, 383, 401]
469      brk  14  2.5   none    ピラ無し(tp0.5,損切5)   544  90.073529  1.584147  1412.317551  373.609410 -159.423781  0.974955  1.107225  2.677171     5     [70, 79, 34, 729, 500]
419      brk   9  2.5   none    ピラ無し,tp0.75,損切4   397  84.634761  1.547412  1342.914464  410.470462 -168.440690  0.711986  1.383913  1.720503     5   [96, 196, 199, 410, 442]
380      brk   9  1.5   none      ピラ2,tp0.3,損切5  1857  90.899300  1.469649  4522.786006  702.415686 -360.651853  3.322004  1.162852  1.811920     5  [34, 281, 512, 2989, 706]
479      brk  14  2.5   h1h4    ピラ無し,tp0.75,損切4   312  85.256410  1.462670   864.226507  406.933907 -168.440690  0.558140  1.269075  1.719845     5     [136, 92, 58, 488, 89]
85       rev   9  2.0  h4adx    ピラ無し(tp0.5,損切5)   738  90.785908  1.452967  1660.445918  482.612602 -257.833847  1.320215  1.251155  1.653840     5    [24, 342, 93, 680, 521]
272  recross  14  1.5   none      ピラ2,tp0.3,損切5  1675  92.477612  1.446014  3217.970092  723.082606 -373.186729  2.996422  1.499898  1.390195     5  [698, 330, 807, 841, 542]
332      brk   2  1.5   h1h4      ピラ2,tp0.3,損切5   744  92.338710  1.393981  1323.159496  471.019821 -256.662761  1.330948  1.260219  1.587777     5   [192, 279, 46, 243, 563]
2        rev   2  1.5   none      ピラ2,tp0.3,損切5  1977  92.918563  1.380834  2948.289416  909.373267 -313.105458  3.536673  1.352462  1.408001     5   [57, 716, 562, 852, 762]
324      brk   2  1.5   none  R型(ピラ2,tp0.5,損切5)   991  88.597376  1.377796  2583.868303  745.236057 -256.662761  1.772809  1.433702  1.318945     5   [364, 773, 384, 987, 75]
134      rev  14  2.0   h1h4      ピラ2,tp0.3,損切5  1210  93.305785  1.356968  1640.111825  692.248639 -313.105458  2.164580  1.619710  1.124917     5    [311, 977, 47, 81, 224]
338      brk   2  1.5  h4adx      ピラ2,tp0.3,損切5   517  93.036750  1.345454   827.965931  488.972521 -256.662761  0.924866  1.203120  1.495292     5    [174, 15, 60, 119, 460]
68       rev   9  1.5  h4adx      ピラ2,tp0.3,損切5  1447  92.881824  1.343715  2024.432894  892.282308 -305.496364  2.590340  1.402816  1.282831     5  [238, 742, 218, 166, 660]
326      brk   2  1.5   none      ピラ2,tp0.3,損切5  1104  92.481884  1.322271  1549.184917  581.629607 -256.662761  1.974955  1.212001  1.459028     5  [168, 279, 117, 318, 667]
--- 参考: 解析38の R(RSI2<10 固定しきい値)
{'n': 1015, 'win': 90.84, 'pf': np.float64(2.0), 'pnl': 5330.67, 'dd': 447.86, 'worst': -257.83, 'epd': 1.82, 'seg_pnl': [457.8483874061424, 1005.0562091407005, 209.70167921794516, 2701.2012484731563, 956.8612362737206]}
